hfkgesjlgrru


Microsoft Windows [Version 10.0.22631.4169]
(c) Microsoft Corporation. All rights reserved.

C:\Windows\System32>git --version
git version 2.46.0.windows.1

C:\Windows\System32>mkdir vtech_intru

C:\Windows\System32>cd vtech_intru

C:\Windows\System32\vtech_intru>dir
 Volume in drive C is Windows
 Volume Serial Number is 32EA-CE9F

 Directory of C:\Windows\System32\vtech_intru

12-09-2024  09:27 AM    <DIR>          .
12-09-2024  09:27 AM    <DIR>          ..
               0 File(s)              0 bytes
               2 Dir(s)  348,973,936,640 bytes free

C:\Windows\System32\vtech_intru>git init
Initialized empty Git repository in C:/Windows/System32/vtech_intru/.git/

C:\Windows\System32\vtech_intru>git status
On branch master

No commits yet

nothing to commit (create/copy files and use "git add" to track)

C:\Windows\System32\vtech_intru>dir
 Volume in drive C is Windows
 Volume Serial Number is 32EA-CE9F

 Directory of C:\Windows\System32\vtech_intru

12-09-2024  09:31 AM    <DIR>          .
12-09-2024  09:27 AM    <DIR>          ..
               0 File(s)              0 bytes
               2 Dir(s)  348,974,354,432 bytes free

C:\Windows\System32\vtech_intru>cd /

C:\>mkdir vtech

C:\>cd vtech

C:\vtech>dir
 Volume in drive C is Windows
 Volume Serial Number is 32EA-CE9F

 Directory of C:\vtech

12-09-2024  09:35 AM    <DIR>          .
               0 File(s)              0 bytes
               1 Dir(s)  348,964,454,400 bytes free

C:\vtech>dir
 Volume in drive C is Windows
 Volume Serial Number is 32EA-CE9F

 Directory of C:\vtech

12-09-2024  09:36 AM    <DIR>          .
12-09-2024  09:36 AM                12 file1.txt
               1 File(s)             12 bytes
               1 Dir(s)  348,964,159,488 bytes free

C:\vtech>git init
Initialized empty Git repository in C:/vtech/.git/

C:\vtech>git status
On branch master

No commits yet

Untracked files:
  (use "git add <file>..." to include in what will be committed)
        file1.txt

nothing added to commit but untracked files present (use "git add" to track)

C:\vtech>git add .

C:\vtech>git status
On branch master

No commits yet

Changes to be committed:
  (use "git rm --cached <file>..." to unstage)
        new file:   file1.txt


C:\vtech>git commit -m "file added"
Author identity unknown

*** Please tell me who you are.

Run

  git config --global user.email "you@example.com"
  git config --global user.name "Your Name"

to set your account's default identity.
Omit --global to set the identity only in this repository.

fatal: unable to auto-detect email address (got 'sachin@LAPTOP-7QR52AGO.(none)')

C:\vtech>git config --list
diff.astextplain.textconv=astextplain
filter.lfs.clean=git-lfs clean -- %f
filter.lfs.smudge=git-lfs smudge -- %f
filter.lfs.process=git-lfs filter-process
filter.lfs.required=true
http.sslbackend=openssl
http.sslcainfo=C:/Program Files/Git/mingw64/etc/ssl/certs/ca-bundle.crt
core.autocrlf=true
core.fscache=true
core.symlinks=false
pull.rebase=false
credential.helper=manager
credential.https://dev.azure.com.usehttppath=true
init.defaultbranch=master
core.repositoryformatversion=0
core.filemode=false
core.bare=false
core.logallrefupdates=true
core.symlinks=false
core.ignorecase=true

C:\vtech>git sachinbmgithub
git: 'sachinbmgithub' is not a git command. See 'git --help'.

C:\vtech>git config --global user.name "sachinbmgithub"

C:\vtech>git config --global user.name "sachinbmgithub"

C:\vtech>git config --global user.email "sachingowda5000@gmail.com"

C:\vtech>git commit --m "file added"
[master (root-commit) 460b4ea] file added
 1 file changed, 1 insertion(+)
 create mode 100644 file1.txt

C:\vtech>git add .

C:\vtech>git commit --m "file updated"
On branch master
nothing to commit, working tree clean

C:\vtech>git status
On branch master
nothing to commit, working tree clean

C:\vtech>git config --list
diff.astextplain.textconv=astextplain
filter.lfs.clean=git-lfs clean -- %f
filter.lfs.smudge=git-lfs smudge -- %f
filter.lfs.process=git-lfs filter-process
filter.lfs.required=true
http.sslbackend=openssl
http.sslcainfo=C:/Program Files/Git/mingw64/etc/ssl/certs/ca-bundle.crt
core.autocrlf=true
core.fscache=true
core.symlinks=false
pull.rebase=false
credential.helper=manager
credential.https://dev.azure.com.usehttppath=true
init.defaultbranch=master
user.name=sachinbmgithub
user.email=sachingowda5000@gmail.com
core.repositoryformatversion=0
core.filemode=false
core.bare=false
core.logallrefupdates=true
core.symlinks=false
core.ignorecase=true

C:\vtech>git remote add origin https://github.com/sachinbmgithub/Interview.git

C:\vtech>git push -u origin master
info: please complete authentication in your browser...
Enumerating objects: 3, done.
Counting objects: 100% (3/3), done.
Writing objects: 100% (3/3), 228 bytes | 114.00 KiB/s, done.
Total 3 (delta 0), reused 0 (delta 0), pack-reused 0 (from 0)
To https://github.com/sachinbmgithub/Interview.git
 * [new branch]      master -> master
branch 'master' set up to track 'origin/master'.
C:\vtech>